Predicted GPS: (3.453107, -76.530760)
Ground Truth GPS: (27.712000, 85.280000)
Predicted GPS: (51.744980, -0.171465)
Ground Truth GPS: (51.243000, -0.359000)
Predicted GPS: (64.042586, -16.204939)
Ground Truth GPS: (60.773000, -148.800000)
Predicted GPS: (-16.276267, -71.528549)
Ground Truth GPS: (34.987000, 68.466000)
Predicted GPS: (25.702606, 100.150852)
Ground Truth GPS: (39.988000, 116.180000)
Predicted GPS: (37.750154, -122.198644)
Ground Truth GPS: (40.455000, -75.300000)
Predicted GPS: (39.815922, 116.443610)
Ground Truth GPS: (22.565000, 114.070000)
Predicted GPS: (52.582875, 4.902396)
Ground Truth GPS: (48.866000, 2.329100)
Predicted GPS: (46.857883, -121.683675)
Ground Truth GPS: (46.783000, -121.700000)
Predicted GPS: (51.803748, -47.467104)
Ground Truth GPS: (29.188000, -81.220000)
Predicted GPS: (27.170889, 78.036105)
Ground Truth GPS: (27.179000, 78.044000)
Predicted GPS: (44.179282, -86.266179)
Ground Truth GPS: (43.542000, -96.690000)
Predicted GPS: (38.899149, -77.039049)
Ground Truth GPS: (40.807000, -73.960000)
Predicted GPS: (53.840562, -0.421279)
Ground Truth GPS: (53.360000, -6.188000)
Predicted GPS: (37.218339, -112.974508)
Ground Truth GPS: (37.218000, -112.900000)
Predicted GPS: (10.875201, 105.300674)
Ground Truth GPS: (13.740000, 100.480000)
Predicted GPS: (43.276324, 11.988731)
Ground Truth GPS: (12.532000, -70.050000)
Predicted GPS: (36.454610, -117.457801)
Ground Truth GPS: (33.894000, -115.800000)
Predicted GPS: (-9.279157, 32.275997)
Ground Truth GPS: (-1.293000, 36.815000)
Predicted GPS: (42.377060, -3.436317)
Ground Truth GPS: (42.001000, 12.629000)
Predicted GPS: (43.853556, -72.522886)
Ground Truth GPS: (41.939000, -87.630000)
Predicted GPS: (37.806029, -122.422984)
Ground Truth GPS: (37.782000, -122.400000)
Predicted GPS: (7.616229, 99.030332)
Ground Truth GPS: (13.521000, 120.960000)
Predicted GPS: (39.917078, 116.389974)
Ground Truth GPS: (39.941000, 116.380000)
Predicted GPS: (31.952782, 35.923622)
Ground Truth GPS: (31.776000, 35.235000)
Predicted GPS: (44.382913, 9.032144)
Ground Truth GPS: (44.302000, 9.212800)
Predicted GPS: (54.631837, 24.830927)
Ground Truth GPS: (40.366000, 49.835000)
Predicted GPS: (54.519225, 18.546971)
Ground Truth GPS: (58.202000, -6.379000)
Predicted GPS: (39.093694, 34.071590)
Ground Truth GPS: (38.671000, 34.839000)
Predicted GPS: (49.127987, -113.899924)
Ground Truth GPS: (43.838000, -110.700000)
Predicted GPS: (62.387631, 17.298136)
Ground Truth GPS: (36.403000, -93.730000)
Predicted GPS: (48.863456, 2.319520)
Ground Truth GPS: (48.859000, 2.291100)
Predicted GPS: (51.207103, 3.226826)
Ground Truth GPS: (51.054000, 3.732000)
Predicted GPS: (51.268002, -1.084641)
Ground Truth GPS: (53.190000, -2.894000)
Predicted GPS: (37.564207, 126.977916)
Ground Truth GPS: (13.724000, 100.390000)
Predicted GPS: (-23.422780, -46.664781)
Ground Truth GPS: (-4.219000, -69.930000)
Predicted GPS: (-33.860345, 151.212185)
Ground Truth GPS: (-33.870000, 151.220000)
Predicted GPS: (23.144620, -81.291532)
Ground Truth GPS: (12.607000, -70.050000)
Predicted GPS: (-31.287217, 160.828229)
Ground Truth GPS: (-40.880000, 173.040000)
Predicted GPS: (38.714067, -9.140617)
Ground Truth GPS: (38.709000, -9.136000)
Predicted GPS: (56.131797, -18.267477)
Ground Truth GPS: (40.763000, -73.970000)
Predicted GPS: (12.668865, 77.595818)
Ground Truth GPS: (-0.967000, -77.760000)
Predicted GPS: (48.934216, 2.210990)
Ground Truth GPS: (48.853000, 2.347700)
Predicted GPS: (54.793697, 9.370091)
Ground Truth GPS: (48.575000, 7.744000)
Predicted GPS: (33.928600, -4.976699)
Ground Truth GPS: (34.059000, -5.005000)
Predicted GPS: (46.533331, 7.983333)
Ground Truth GPS: (52.202000, -117.200000)
Predicted GPS: (38.074104, -119.176621)
Ground Truth GPS: (69.635000, 18.998000)
Predicted GPS: (26.875131, 70.708618)
Ground Truth GPS: (36.765000, 68.812000)
Predicted GPS: (12.982297, 80.394553)
Ground Truth GPS: (12.974000, 77.562000)
Predicted GPS: (40.615875, -73.942364)
Ground Truth GPS: (42.633000, -70.780000)
Predicted GPS: (53.012767, 5.271825)
Ground Truth GPS: (51.682000, -1.786000)
Predicted GPS: (43.770278, 11.245830)
Ground Truth GPS: (43.765000, 11.270000)
Predicted GPS: (49.204475, -1.089577)
Ground Truth GPS: (35.611000, -95.980000)
Predicted GPS: (33.311931, 8.386846)
Ground Truth GPS: (35.962000, -75.630000)
Predicted GPS: (16.280101, -86.636469)
Ground Truth GPS: (18.365000, -69.020000)
Predicted GPS: (43.723504, 10.395179)
Ground Truth GPS: (37.389000, -5.994000)
Predicted GPS: (47.569587, -122.472444)
Ground Truth GPS: (47.645000, -122.300000)
Predicted GPS: (48.729884, -1.500383)
Ground Truth GPS: (53.229000, -0.547000)
Predicted GPS: (74.344948, 8.984069)
Ground Truth GPS: (60.185000, -44.210000)
Predicted GPS: (41.892133, -87.609745)
Ground Truth GPS: (41.885000, -87.620000)
Predicted GPS: (41.147122, -8.607273)
Ground Truth GPS: (41.149000, -8.610000)
Predicted GPS: (44.631221, -63.589725)
Ground Truth GPS: (46.734000, -117.000000)
Predicted GPS: (60.168619, 24.940016)
Ground Truth GPS: (59.940000, 30.312000)
Predicted GPS: (24.515399, 121.598650)
Ground Truth GPS: (24.514000, 121.600000)
Predicted GPS: (28.686146, 83.983268)
Ground Truth GPS: (34.147000, 77.571000)
Predicted GPS: (31.201018, 29.899378)
Ground Truth GPS: (31.213000, 29.946000)
Predicted GPS: (30.319948, 35.446812)
Ground Truth GPS: (38.773000, -109.300000)
Predicted GPS: (-50.472323, -73.050972)
Ground Truth GPS: (-50.460000, -73.000000)
Predicted GPS: (48.876394, 2.329550)
Ground Truth GPS: (48.855000, 2.312400)
Predicted GPS: (34.456630, -98.583364)
Ground Truth GPS: (31.893000, -85.140000)
Predicted GPS: (36.618276, -121.901885)
Ground Truth GPS: (36.618000, -121.900000)
Predicted GPS: (-25.596278, -54.557695)
Ground Truth GPS: (-25.490000, -54.620000)
Predicted GPS: (48.921729, 2.423788)
Ground Truth GPS: (31.238000, 121.480000)
Predicted GPS: (35.718019, 139.804310)
Ground Truth GPS: (34.101000, -118.300000)
Predicted GPS: (38.694688, -9.208602)
Ground Truth GPS: (38.693000, -9.205000)
Predicted GPS: (37.828236, -122.423530)
Ground Truth GPS: (39.937000, 116.390000)
Predicted GPS: (53.751052, -3.929705)
Ground Truth GPS: (56.034000, -4.983000)
Predicted GPS: (41.402195, 2.186680)
Ground Truth GPS: (41.403000, 2.174400)
Predicted GPS: (36.321087, -5.441869)
Ground Truth GPS: (37.090000, 25.370000)
Predicted GPS: (43.773098, 11.256157)
Ground Truth GPS: (43.767000, 11.272000)
Predicted GPS: (-44.006765, 170.491626)
Ground Truth GPS: (-50.350000, -72.280000)
Predicted GPS: (34.147783, -118.143203)
Ground Truth GPS: (23.606000, 58.537000)
Predicted GPS: (46.140494, 11.037862)
Ground Truth GPS: (46.702000, 12.991000)
Predicted GPS: (34.392921, 132.475139)
Ground Truth GPS: (35.690000, 139.700000)
Predicted GPS: (52.785060, 6.895958)
Ground Truth GPS: (43.654000, -89.820000)
Predicted GPS: (41.234898, -8.321898)
Ground Truth GPS: (39.935000, 32.852000)
Predicted GPS: (41.399778, 2.168968)
Ground Truth GPS: (41.371000, 2.166300)
Predicted GPS: (44.644267, 6.153189)
Ground Truth GPS: (41.401000, 2.163200)
Predicted GPS: (-23.567400, -46.649234)
Ground Truth GPS: (-34.600000, -58.380000)
Predicted GPS: (39.274700, -76.572150)
Ground Truth GPS: (44.385000, -73.240000)
Predicted GPS: (12.448137, -7.697097)
Ground Truth GPS: (10.849000, -1.514000)
Predicted GPS: (39.022140, -86.534665)
Ground Truth GPS: (41.387000, -72.980000)
Predicted GPS: (40.561036, 14.260349)
Ground Truth GPS: (40.557000, 14.266000)
Predicted GPS: (-13.507903, -71.979722)
Ground Truth GPS: (-13.530000, -71.990000)
Predicted GPS: (41.900193, 12.474181)
Ground Truth GPS: (41.929000, 12.472000)
Predicted GPS: (-33.034429, -70.688176)
Ground Truth GPS: (20.749000, -99.940000)
Predicted GPS: (39.996255, 116.268085)
Ground Truth GPS: (39.996000, 116.260000)
Predicted GPS: (39.941286, 9.697056)
Ground Truth GPS: (49.291000, -123.100000)
Predicted GPS: (48.073735, 7.357727)
Ground Truth GPS: (47.882000, 7.226400)
Predicted GPS: (-34.607215, -58.422550)
Ground Truth GPS: (-34.600000, -58.410000)
Predicted GPS: (22.271079, 114.151626)
Ground Truth GPS: (22.282000, 114.140000)
Predicted GPS: (51.514519, -0.109448)
Ground Truth GPS: (51.516000, -0.129000)
Predicted GPS: (33.545701, 9.968602)
Ground Truth GPS: (33.553000, 9.966400)
Predicted GPS: (48.753472, 9.592783)
Ground Truth GPS: (50.997000, 5.401900)
Predicted GPS: (46.784895, -121.732452)
Ground Truth GPS: (39.440000, -120.200000)
Predicted GPS: (48.808445, 2.136150)
Ground Truth GPS: (48.805000, 2.121000)
Predicted GPS: (51.928181, -1.200659)
Ground Truth GPS: (50.657000, 5.474600)
Predicted GPS: (39.723561, 8.962612)
Ground Truth GPS: (36.884000, 68.576000)
Predicted GPS: (46.379430, 9.703770)
Ground Truth GPS: (47.298000, 13.686000)
Predicted GPS: (48.898958, 2.295415)
Ground Truth GPS: (48.886000, 2.343100)
Predicted GPS: (51.503631, -0.122797)
Ground Truth GPS: (51.522000, -0.099000)
Predicted GPS: (39.598793, 29.348676)
Ground Truth GPS: (33.522000, 36.309000)
Predicted GPS: (38.612000, -75.272568)
Ground Truth GPS: (37.318000, -121.900000)
Predicted GPS: (41.464453, -124.037318)
Ground Truth GPS: (34.937000, 32.866000)
Predicted GPS: (36.252510, -115.640805)
Ground Truth GPS: (37.752000, -119.500000)
Predicted GPS: (38.324771, -123.033702)
Ground Truth GPS: (32.845000, -117.200000)
Predicted GPS: (41.309299, -72.945796)
Ground Truth GPS: (39.397000, -76.600000)
Predicted GPS: (22.179847, -89.836785)
Ground Truth GPS: (24.938000, -80.650000)
Predicted GPS: (-33.857446, 151.214446)
Ground Truth GPS: (45.433000, 12.346000)
Predicted GPS: (27.253521, -80.230025)
Ground Truth GPS: (30.245000, -87.730000)
Predicted GPS: (36.990707, 129.423149)
Ground Truth GPS: (58.474000, 11.311000)
Predicted GPS: (61.294060, 7.444937)
Ground Truth GPS: (60.377000, 6.720300)
Predicted GPS: (4.794581, 73.117776)
Ground Truth GPS: (-14.660000, 145.440000)
Predicted GPS: (41.691751, 10.216514)
Ground Truth GPS: (41.387000, 2.188000)
Predicted GPS: (50.528518, 16.856369)
Ground Truth GPS: (45.793000, 24.150000)
Predicted GPS: (22.277615, 114.130219)
Ground Truth GPS: (23.117000, 113.350000)
Predicted GPS: (39.645569, 66.914414)
Ground Truth GPS: (39.667000, 66.942000)
Predicted GPS: (-14.881088, 146.293950)
Ground Truth GPS: (25.073000, -77.320000)
Predicted GPS: (-34.609058, -58.376614)
Ground Truth GPS: (-34.600000, -58.380000)
Predicted GPS: (36.808687, 139.710362)
Ground Truth GPS: (39.936000, 32.855000)
Predicted GPS: (46.271454, 3.673569)
Ground Truth GPS: (42.907000, -5.561000)
Predicted GPS: (30.145155, 127.544433)
Ground Truth GPS: (23.121000, -81.340000)
Predicted GPS: (29.700589, -9.735240)
Ground Truth GPS: (12.653000, -7.987000)
Predicted GPS: (48.858848, 2.293853)
Ground Truth GPS: (48.861000, 2.346900)
Predicted GPS: (42.361860, 4.760970)
Ground Truth GPS: (49.597000, 19.934000)
Predicted GPS: (60.252427, 23.043346)
Ground Truth GPS: (-34.940000, 138.580000)
Predicted GPS: (17.769540, -102.413433)
Ground Truth GPS: (15.574000, -61.450000)
Predicted GPS: (42.348803, -71.038153)
Ground Truth GPS: (52.141000, -10.270000)
Predicted GPS: (48.940543, -123.222649)
Ground Truth GPS: (9.976900, -84.840000)
Predicted GPS: (-32.805742, -68.862303)
Ground Truth GPS: (31.398000, -7.635000)
Predicted GPS: (39.781930, 2.740466)
Ground Truth GPS: (42.453000, 18.536000)
Predicted GPS: (13.806180, 100.454354)
Ground Truth GPS: (13.749000, 100.490000)
Predicted GPS: (39.942688, -89.939033)
Ground Truth GPS: (41.215000, -88.500000)
Predicted GPS: (27.921152, -82.453275)
Ground Truth GPS: (42.343000, -71.030000)
Predicted GPS: (13.873992, 106.855523)
Ground Truth GPS: (6.590700, 79.979000)
Predicted GPS: (45.520552, -122.666693)
Ground Truth GPS: (51.478000, -0.291000)
Predicted GPS: (37.975182, 23.735987)
Ground Truth GPS: (37.970000, 23.720000)
Predicted GPS: (52.094996, 4.584804)
Ground Truth GPS: (41.746000, -73.930000)
Predicted GPS: (-25.291425, 130.983474)
Ground Truth GPS: (-25.350000, 131.040000)
Predicted GPS: (43.323916, -1.986690)
Ground Truth GPS: (43.323000, -1.985000)
Predicted GPS: (-23.521180, 134.390936)
Ground Truth GPS: (35.521000, -111.300000)
Predicted GPS: (53.796598, -2.252197)
Ground Truth GPS: (46.604000, 7.935800)
Predicted GPS: (43.294514, 5.357894)
Ground Truth GPS: (46.475000, 30.765000)
Predicted GPS: (44.439558, -72.249967)
Ground Truth GPS: (43.043000, -72.900000)
Predicted GPS: (41.385087, 2.173366)
Ground Truth GPS: (41.395000, 2.169100)
Predicted GPS: (50.062044, 19.936838)
Ground Truth GPS: (50.067000, 19.923000)
Predicted GPS: (49.700911, 9.259045)
Ground Truth GPS: (47.798000, 13.046000)
Predicted GPS: (37.972203, 23.687926)
Ground Truth GPS: (24.032000, 32.825000)
Predicted GPS: (54.515828, 9.206541)
Ground Truth GPS: (52.341000, 4.792300)
Predicted GPS: (48.859439, 2.329296)
Ground Truth GPS: (48.863000, 2.336600)
Predicted GPS: (46.685836, 8.039459)
Ground Truth GPS: (46.496000, 7.675900)
Predicted GPS: (-0.636697, -90.240967)
Ground Truth GPS: (-0.393000, -90.280000)
Predicted GPS: (45.777046, 8.654588)
Ground Truth GPS: (45.433000, 12.339000)
Predicted GPS: (50.083793, 14.396610)
Ground Truth GPS: (36.859000, -75.970000)
Predicted GPS: (45.436596, 12.325886)
Ground Truth GPS: (41.901000, 12.481000)
Predicted GPS: (44.380311, 14.692754)
Ground Truth GPS: (41.100000, 28.999000)
Predicted GPS: (-9.604812, -64.714963)
Ground Truth GPS: (44.923000, -93.110000)
Predicted GPS: (20.928383, -156.701438)
Ground Truth GPS: (16.998000, -61.750000)
Predicted GPS: (60.695021, 21.753542)
Ground Truth GPS: (60.375000, 21.391000)
Predicted GPS: (27.175305, 78.041572)
Ground Truth GPS: (31.588000, 74.311000)
Predicted GPS: (41.385436, 2.178382)
Ground Truth GPS: (41.385000, 2.169200)
Predicted GPS: (-3.151220, 35.443179)
Ground Truth GPS: (-3.169000, 35.528000)
Predicted GPS: (34.486855, 139.978925)
Ground Truth GPS: (52.504000, 13.362000)
Predicted GPS: (41.891891, 12.486531)
Ground Truth GPS: (41.890000, 12.491000)
Predicted GPS: (37.598344, 126.985145)
Ground Truth GPS: (34.272000, 108.890000)
Predicted GPS: (37.842748, -110.445484)
Ground Truth GPS: (38.689000, -109.500000)
Predicted GPS: (13.922487, -86.124485)
Ground Truth GPS: (17.129000, -89.060000)
Predicted GPS: (nan, nan)
Ground Truth GPS: (46.204000, 6.149800)
Predicted GPS: (-12.908801, 122.395214)
Ground Truth GPS: (44.881000, 15.616000)
Predicted GPS: (35.789727, 139.549839)
Ground Truth GPS: (35.339000, 139.520000)
Predicted GPS: (37.479184, -122.191533)
Ground Truth GPS: (-37.820000, 144.970000)
Predicted GPS: (40.824225, -3.960335)
Ground Truth GPS: (39.450000, -106.400000)
Predicted GPS: (20.374723, -89.773061)
Ground Truth GPS: (40.747000, 14.484000)
Predicted GPS: (33.732879, -116.362280)
Ground Truth GPS: (32.242000, -111.100000)
Predicted GPS: (11.339435, 104.844162)
Ground Truth GPS: (13.372000, 103.850000)
Predicted GPS: (45.066488, 8.126792)
Ground Truth GPS: (43.348000, 11.510000)
Predicted GPS: (-49.277605, -72.980511)
Ground Truth GPS: (-47.030000, -67.250000)
Predicted GPS: (15.794975, 108.134560)
Ground Truth GPS: (15.878000, 108.330000)
Predicted GPS: (52.989959, -4.074797)
Ground Truth GPS: (53.121000, -3.999000)
Predicted GPS: (54.180902, -1.938183)
Ground Truth GPS: (51.644000, -2.677000)
Predicted GPS: (40.021909, 15.779402)
Ground Truth GPS: (43.065000, 17.712000)
Predicted GPS: (16.752687, -92.630800)
Ground Truth GPS: (18.469000, -66.110000)
Predicted GPS: (17.538758, 104.888470)
Ground Truth GPS: (28.362000, 121.060000)
Predicted GPS: (17.071403, 97.928504)
Ground Truth GPS: (52.525000, 13.366000)
Predicted GPS: (42.346649, -71.097274)
Ground Truth GPS: (42.346000, -71.090000)
Predicted GPS: (42.192049, -71.379407)
Ground Truth GPS: (33.747000, -84.370000)
Predicted GPS: (47.857430, -123.929807)
Ground Truth GPS: (49.341000, -123.000000)
Predicted GPS: (17.437129, 78.467098)
Ground Truth GPS: (17.361000, 78.474000)
Predicted GPS: (-9.655344, -67.139671)
Ground Truth GPS: (63.794000, -17.720000)
Predicted GPS: (34.997250, 135.778790)
Ground Truth GPS: (34.967000, 137.160000)
Predicted GPS: (20.880264, -156.546878)
Ground Truth GPS: (20.881000, -156.500000)
Predicted GPS: (39.928406, 116.390158)
Ground Truth GPS: (39.941000, 116.380000)
Predicted GPS: (51.509930, -0.098576)
Ground Truth GPS: (51.508000, -0.094000)
Predicted GPS: (37.453179, 127.507484)
Ground Truth GPS: (37.583000, 126.990000)
Predicted GPS: (41.661526, 13.929685)
Ground Truth GPS: (46.167000, 7.099600)
Predicted GPS: (37.872883, -79.601155)
Ground Truth GPS: (34.841000, -92.480000)
Predicted GPS: (nan, nan)
Ground Truth GPS: (33.441000, -118.400000)
Predicted GPS: (-17.281478, 177.103268)
Ground Truth GPS: (9.376200, 99.940000)
Predicted GPS: (-17.878109, 25.155910)
Ground Truth GPS: (-19.110000, 23.827000)
Predicted GPS: (27.144735, -80.339035)
Ground Truth GPS: (-16.660000, 145.560000)
Predicted GPS: (40.985713, 28.305540)
Ground Truth GPS: (41.071000, 28.948000)
Predicted GPS: (36.846438, 139.589763)
Ground Truth GPS: (36.753000, 139.600000)
Predicted GPS: (68.037025, 13.346494)
Ground Truth GPS: (78.052000, 14.238000)
Predicted GPS: (42.280636, -83.753533)
Ground Truth GPS: (42.362000, -71.080000)
Predicted GPS: (45.824134, -73.422656)
Ground Truth GPS: (55.485000, 28.791000)
Predicted GPS: (41.903699, 12.506303)
Ground Truth GPS: (42.640000, 18.110000)
Predicted GPS: (36.062136, -112.123007)
Ground Truth GPS: (36.057000, -112.100000)
Predicted GPS: (49.596470, -57.928157)
Ground Truth GPS: (62.147000, 6.059200)
Predicted GPS: (48.262904, -121.647037)
Ground Truth GPS: (36.746000, -81.530000)
Predicted GPS: (-22.912165, -65.410099)
Ground Truth GPS: (-20.450000, -66.910000)
Predicted GPS: (8.609168, -66.385029)
Ground Truth GPS: (-22.990000, -43.230000)
Predicted GPS: (56.141056, -4.673493)
Ground Truth GPS: (48.973000, 89.959000)
Predicted GPS: (37.971469, 23.725190)
Ground Truth GPS: (37.971000, 23.726000)
Predicted GPS: (31.977209, -5.490417)
Ground Truth GPS: (29.536000, 21.033000)
Predicted GPS: (33.518027, 76.891196)
Ground Truth GPS: (36.300000, 74.649000)
Predicted GPS: (34.627851, -111.820540)
Ground Truth GPS: (34.611000, -111.800000)
Predicted GPS: (31.802857, 36.588273)
Ground Truth GPS: (40.094000, 49.387000)
Predicted GPS: (35.600990, -118.948429)
Ground Truth GPS: (33.988000, -118.400000)
Predicted GPS: (48.051043, 24.110451)
Ground Truth GPS: (47.550000, 25.843000)
Predicted GPS: (51.508556, -0.076485)
Ground Truth GPS: (51.510000, -0.085000)
Predicted GPS: (38.982502, -77.100334)
Ground Truth GPS: (34.051000, -84.280000)
Predicted GPS: (38.912068, -77.444504)
Ground Truth GPS: (38.898000, -77.020000)
Predicted GPS: (39.497413, 8.413663)
Ground Truth GPS: (25.114000, -77.120000)
Predicted GPS: (22.296832, 114.168026)
Ground Truth GPS: (22.286000, 114.150000)
Predicted GPS: (36.879018, 11.271894)
Ground Truth GPS: (12.925000, 100.890000)
Predicted GPS: (-34.524666, -58.480224)
Ground Truth GPS: (55.684000, 12.589000)
Predicted GPS: (36.112168, -112.101806)
Ground Truth GPS: (36.065000, -112.100000)
