Predicted GPS: (37.368879, -76.414980)
Ground Truth GPS: (27.712000, 85.280000)
Predicted GPS: (41.481701, -74.114210)
Ground Truth GPS: (51.243000, -0.359000)
Predicted GPS: (57.679649, -99.986303)
Ground Truth GPS: (60.773000, -148.800000)
Predicted GPS: (34.610767, -111.837387)
Ground Truth GPS: (34.987000, 68.466000)
Predicted GPS: (50.431197, -108.817853)
Ground Truth GPS: (39.988000, 116.180000)
Predicted GPS: (39.750665, -86.122230)
Ground Truth GPS: (40.455000, -75.300000)
Predicted GPS: (51.542127, -0.029001)
Ground Truth GPS: (22.565000, 114.070000)
Predicted GPS: (nan, nan)
Ground Truth GPS: (48.866000, 2.329100)
Predicted GPS: (38.851691, -120.100629)
Ground Truth GPS: (46.783000, -121.700000)
Predicted GPS: (43.538711, -70.318422)
Ground Truth GPS: (29.188000, -81.220000)
Predicted GPS: (27.172879, 78.042244)
Ground Truth GPS: (27.179000, 78.044000)
Predicted GPS: (51.318157, -0.257781)
Ground Truth GPS: (43.542000, -96.690000)
Predicted GPS: (47.498237, -71.606353)
Ground Truth GPS: (40.807000, -73.960000)
Predicted GPS: (63.614143, 20.184604)
Ground Truth GPS: (53.360000, -6.188000)
Predicted GPS: (37.243769, -49.080931)
Ground Truth GPS: (37.218000, -112.900000)
Predicted GPS: (13.753845, 100.514246)
Ground Truth GPS: (13.740000, 100.480000)
Predicted GPS: (12.951515, -69.593430)
Ground Truth GPS: (12.532000, -70.050000)
Predicted GPS: (-38.061288, -61.883776)
Ground Truth GPS: (33.894000, -115.800000)
Predicted GPS: (35.480245, -121.019561)
Ground Truth GPS: (-1.293000, 36.815000)
Predicted GPS: (43.836470, -103.622993)
Ground Truth GPS: (42.001000, 12.629000)
Predicted GPS: (51.376760, -2.326354)
Ground Truth GPS: (41.939000, -87.630000)
Predicted GPS: (37.808810, -122.414584)
Ground Truth GPS: (37.782000, -122.400000)
Predicted GPS: (42.709811, -0.002746)
Ground Truth GPS: (13.521000, 120.960000)
Predicted GPS: (10.170621, 101.834938)
Ground Truth GPS: (39.941000, 116.380000)
Predicted GPS: (27.424987, 76.783278)
Ground Truth GPS: (31.776000, 35.235000)
Predicted GPS: (40.551683, 14.182932)
Ground Truth GPS: (44.302000, 9.212800)
Predicted GPS: (40.728595, -73.990344)
Ground Truth GPS: (40.366000, 49.835000)
Predicted GPS: (45.541211, -122.690614)
Ground Truth GPS: (58.202000, -6.379000)
Predicted GPS: (35.998068, -111.987907)
Ground Truth GPS: (38.671000, 34.839000)
Predicted GPS: (46.599449, 7.077249)
Ground Truth GPS: (43.838000, -110.700000)
Predicted GPS: (38.898729, -77.035982)
Ground Truth GPS: (36.403000, -93.730000)
Predicted GPS: (22.226788, 114.109582)
Ground Truth GPS: (48.859000, 2.291100)
Predicted GPS: (43.768730, 11.256901)
Ground Truth GPS: (51.054000, 3.732000)
Predicted GPS: (43.799937, 15.042689)
Ground Truth GPS: (53.190000, -2.894000)
Predicted GPS: (43.664718, -79.392011)
Ground Truth GPS: (13.724000, 100.390000)
Predicted GPS: (51.766538, -3.226612)
Ground Truth GPS: (-4.219000, -69.930000)
Predicted GPS: (-33.857447, 151.210480)
Ground Truth GPS: (-33.870000, 151.220000)
Predicted GPS: (64.257857, -16.314174)
Ground Truth GPS: (12.607000, -70.050000)
Predicted GPS: (43.986275, 8.157908)
Ground Truth GPS: (-40.880000, 173.040000)
Predicted GPS: (16.743110, -92.642712)
Ground Truth GPS: (38.709000, -9.136000)
Predicted GPS: (-27.468244, 153.026492)
Ground Truth GPS: (40.763000, -73.970000)
Predicted GPS: (14.968621, 76.941335)
Ground Truth GPS: (-0.967000, -77.760000)
Predicted GPS: (49.095451, 1.933593)
Ground Truth GPS: (48.853000, 2.347700)
Predicted GPS: (59.912758, 10.744841)
Ground Truth GPS: (48.575000, 7.744000)
Predicted GPS: (34.043588, -4.995519)
Ground Truth GPS: (34.059000, -5.005000)
Predicted GPS: (nan, nan)
Ground Truth GPS: (52.202000, -117.200000)
Predicted GPS: (-54.846814, -68.480699)
Ground Truth GPS: (69.635000, 18.998000)
Predicted GPS: (32.157011, 64.687498)
Ground Truth GPS: (36.765000, 68.812000)
Predicted GPS: (32.510339, 65.596622)
Ground Truth GPS: (12.974000, 77.562000)
Predicted GPS: (35.705478, 139.577893)
Ground Truth GPS: (42.633000, -70.780000)
Predicted GPS: (41.404515, 2.217371)
Ground Truth GPS: (51.682000, -1.786000)
Predicted GPS: (43.767986, 11.253433)
Ground Truth GPS: (43.765000, 11.270000)
Predicted GPS: (16.533458, 120.401218)
Ground Truth GPS: (35.611000, -95.980000)
Predicted GPS: (-28.592209, 20.338955)
Ground Truth GPS: (35.962000, -75.630000)
Predicted GPS: (21.032053, 105.840455)
Ground Truth GPS: (18.365000, -69.020000)
Predicted GPS: (55.859229, -4.254670)
Ground Truth GPS: (37.389000, -5.994000)
Predicted GPS: (45.392557, -75.703868)
Ground Truth GPS: (47.645000, -122.300000)
Predicted GPS: (20.682498, -88.569720)
Ground Truth GPS: (53.229000, -0.547000)
Predicted GPS: (-44.897229, 168.127893)
Ground Truth GPS: (60.185000, -44.210000)
Predicted GPS: (nan, nan)
Ground Truth GPS: (41.885000, -87.620000)
Predicted GPS: (25.080003, -77.321990)
Ground Truth GPS: (41.149000, -8.610000)
Predicted GPS: (38.877116, -6.966544)
Ground Truth GPS: (46.734000, -117.000000)
Predicted GPS: (53.352343, 7.603656)
Ground Truth GPS: (59.940000, 30.312000)
Predicted GPS: (56.813694, -5.125837)
Ground Truth GPS: (24.514000, 121.600000)
Predicted GPS: (42.516143, -8.816870)
Ground Truth GPS: (34.147000, 77.571000)
Predicted GPS: (47.793149, 1.067047)
Ground Truth GPS: (31.213000, 29.946000)
Predicted GPS: (50.866614, -104.442655)
Ground Truth GPS: (38.773000, -109.300000)
Predicted GPS: (-50.473632, -73.055680)
Ground Truth GPS: (-50.460000, -73.000000)
Predicted GPS: (52.966873, -4.169957)
Ground Truth GPS: (48.855000, 2.312400)
Predicted GPS: (59.970309, 30.299286)
Ground Truth GPS: (31.893000, -85.140000)
Predicted GPS: (44.695009, -67.068868)
Ground Truth GPS: (36.618000, -121.900000)
Predicted GPS: (45.481611, -122.626978)
Ground Truth GPS: (-25.490000, -54.620000)
Predicted GPS: (25.111188, 121.373402)
Ground Truth GPS: (31.238000, 121.480000)
Predicted GPS: (11.549862, 104.900314)
Ground Truth GPS: (34.101000, -118.300000)
Predicted GPS: (nan, nan)
Ground Truth GPS: (38.693000, -9.205000)
Predicted GPS: (47.755943, 23.869172)
Ground Truth GPS: (39.937000, 116.390000)
Predicted GPS: (39.429578, -105.067987)
Ground Truth GPS: (56.034000, -4.983000)
Predicted GPS: (41.405848, 2.173061)
Ground Truth GPS: (41.403000, 2.174400)
Predicted GPS: (46.500158, 11.354434)
Ground Truth GPS: (37.090000, 25.370000)
Predicted GPS: (52.705217, -44.299528)
Ground Truth GPS: (43.767000, 11.272000)
Predicted GPS: (-44.663978, 167.913999)
Ground Truth GPS: (-50.350000, -72.280000)
Predicted GPS: (59.327979, 18.054084)
Ground Truth GPS: (23.606000, 58.537000)
Predicted GPS: (61.312859, 12.181433)
Ground Truth GPS: (46.702000, 12.991000)
Predicted GPS: (48.841168, 2.417658)
Ground Truth GPS: (35.690000, 139.700000)
Predicted GPS: (24.820866, 121.407734)
Ground Truth GPS: (43.654000, -89.820000)
Predicted GPS: (60.166902, 24.959240)
Ground Truth GPS: (39.935000, 32.852000)
Predicted GPS: (42.566104, -8.980521)
Ground Truth GPS: (41.371000, 2.166300)
Predicted GPS: (45.724624, -75.062511)
Ground Truth GPS: (41.401000, 2.163200)
Predicted GPS: (35.689231, 139.696493)
Ground Truth GPS: (-34.600000, -58.380000)
Predicted GPS: (54.674535, 8.686051)
Ground Truth GPS: (44.385000, -73.240000)
Predicted GPS: (35.297875, 25.163302)
Ground Truth GPS: (10.849000, -1.514000)
Predicted GPS: (54.009262, -8.235722)
Ground Truth GPS: (41.387000, -72.980000)
Predicted GPS: (40.765075, 14.022850)
Ground Truth GPS: (40.557000, 14.266000)
Predicted GPS: (24.032757, -104.662199)
Ground Truth GPS: (-13.530000, -71.990000)
Predicted GPS: (41.890303, 12.492021)
Ground Truth GPS: (41.929000, 12.472000)
Predicted GPS: (44.942320, -93.123421)
Ground Truth GPS: (20.749000, -99.940000)
Predicted GPS: (34.677473, 135.503227)
Ground Truth GPS: (39.996000, 116.260000)
Predicted GPS: (35.652641, 139.831325)
Ground Truth GPS: (49.291000, -123.100000)
Predicted GPS: (50.047687, 2.052340)
Ground Truth GPS: (47.882000, 7.226400)
Predicted GPS: (39.709981, -75.119767)
Ground Truth GPS: (-34.600000, -58.410000)
Predicted GPS: (18.965267, 72.815369)
Ground Truth GPS: (22.282000, 114.140000)
Predicted GPS: (42.654510, -71.278218)
Ground Truth GPS: (51.516000, -0.129000)
Predicted GPS: (12.619486, 80.192554)
Ground Truth GPS: (33.553000, 9.966400)
Predicted GPS: (41.708278, -71.522469)
Ground Truth GPS: (50.997000, 5.401900)
Predicted GPS: (55.950212, -3.205990)
Ground Truth GPS: (39.440000, -120.200000)
Predicted GPS: (41.908025, 12.490253)
Ground Truth GPS: (48.805000, 2.121000)
Predicted GPS: (52.506933, 13.369932)
Ground Truth GPS: (50.657000, 5.474600)
Predicted GPS: (16.967627, -3.342347)
Ground Truth GPS: (36.884000, 68.576000)
Predicted GPS: (-51.000577, -73.054275)
Ground Truth GPS: (47.298000, 13.686000)
Predicted GPS: (43.775033, 11.253561)
Ground Truth GPS: (48.886000, 2.343100)
Predicted GPS: (51.502232, -0.117799)
Ground Truth GPS: (51.522000, -0.099000)
Predicted GPS: (-8.518466, 115.262025)
Ground Truth GPS: (33.522000, 36.309000)
Predicted GPS: (38.765941, -82.802516)
Ground Truth GPS: (37.318000, -121.900000)
Predicted GPS: (47.262517, -122.647466)
Ground Truth GPS: (34.937000, 32.866000)
Predicted GPS: (36.772870, -118.376536)
Ground Truth GPS: (37.752000, -119.500000)
Predicted GPS: (51.555301, -8.965643)
Ground Truth GPS: (32.845000, -117.200000)
Predicted GPS: (53.294686, -2.366504)
Ground Truth GPS: (39.397000, -76.600000)
Predicted GPS: (39.229005, -76.394576)
Ground Truth GPS: (24.938000, -80.650000)
Predicted GPS: (24.453343, 118.066605)
Ground Truth GPS: (45.433000, 12.346000)
Predicted GPS: (18.096425, -87.971845)
Ground Truth GPS: (30.245000, -87.730000)
Predicted GPS: (34.116831, -118.343960)
Ground Truth GPS: (58.474000, 11.311000)
Predicted GPS: (52.088806, 0.929169)
Ground Truth GPS: (60.377000, 6.720300)
Predicted GPS: (18.343202, -64.787799)
Ground Truth GPS: (-14.660000, 145.440000)
Predicted GPS: (33.997848, -81.019731)
Ground Truth GPS: (41.387000, 2.188000)
Predicted GPS: (48.877373, 2.331353)
Ground Truth GPS: (45.793000, 24.150000)
Predicted GPS: (37.785834, -122.408997)
Ground Truth GPS: (23.117000, 113.350000)
Predicted GPS: (45.963307, 19.566546)
Ground Truth GPS: (39.667000, 66.942000)
Predicted GPS: (-27.419572, 153.537335)
Ground Truth GPS: (25.073000, -77.320000)
Predicted GPS: (40.729243, -73.990176)
Ground Truth GPS: (-34.600000, -58.380000)
Predicted GPS: (39.217058, -76.863399)
Ground Truth GPS: (39.936000, 32.855000)
Predicted GPS: (29.693459, -98.340914)
Ground Truth GPS: (42.907000, -5.561000)
Predicted GPS: (48.533220, -25.716149)
Ground Truth GPS: (23.121000, -81.340000)
Predicted GPS: (49.017568, 12.096269)
Ground Truth GPS: (12.653000, -7.987000)
Predicted GPS: (48.860740, 2.290571)
Ground Truth GPS: (48.861000, 2.346900)
Predicted GPS: (59.357074, 18.230181)
Ground Truth GPS: (49.597000, 19.934000)
Predicted GPS: (51.222995, 6.778448)
Ground Truth GPS: (-34.940000, 138.580000)
Predicted GPS: (44.953480, -70.983362)
Ground Truth GPS: (15.574000, -61.450000)
Predicted GPS: (34.352831, 134.048826)
Ground Truth GPS: (52.141000, -10.270000)
Predicted GPS: (56.523358, -5.749989)
Ground Truth GPS: (9.976900, -84.840000)
Predicted GPS: (42.241733, 1.704683)
Ground Truth GPS: (31.398000, -7.635000)
Predicted GPS: (51.209783, 3.223972)
Ground Truth GPS: (42.453000, 18.536000)
Predicted GPS: (13.759227, 100.497259)
Ground Truth GPS: (13.749000, 100.490000)
Predicted GPS: (51.394096, -2.787995)
Ground Truth GPS: (41.215000, -88.500000)
Predicted GPS: (38.629445, -118.478145)
Ground Truth GPS: (42.343000, -71.030000)
Predicted GPS: (56.260539, -2.624273)
Ground Truth GPS: (6.590700, 79.979000)
Predicted GPS: (51.227150, 7.083667)
Ground Truth GPS: (51.478000, -0.291000)
Predicted GPS: (37.976148, 23.736410)
Ground Truth GPS: (37.970000, 23.720000)
Predicted GPS: (37.931473, -84.383237)
Ground Truth GPS: (41.746000, -73.930000)
Predicted GPS: (29.590617, 35.404982)
Ground Truth GPS: (-25.350000, 131.040000)
Predicted GPS: (59.330611, 18.033070)
Ground Truth GPS: (43.323000, -1.985000)
Predicted GPS: (-27.735863, 114.193405)
Ground Truth GPS: (35.521000, -111.300000)
Predicted GPS: (39.263333, -123.736825)
Ground Truth GPS: (46.604000, 7.935800)
Predicted GPS: (34.877128, 25.720197)
Ground Truth GPS: (46.475000, 30.765000)
Predicted GPS: (53.889368, 23.395128)
Ground Truth GPS: (43.043000, -72.900000)
Predicted GPS: (41.376613, 2.141904)
Ground Truth GPS: (41.395000, 2.169100)
Predicted GPS: (45.347607, 8.457425)
Ground Truth GPS: (50.067000, 19.923000)
Predicted GPS: (35.835631, 139.592280)
Ground Truth GPS: (47.798000, 13.046000)
Predicted GPS: (37.975817, 23.736475)
Ground Truth GPS: (24.032000, 32.825000)
Predicted GPS: (40.774092, -73.938164)
Ground Truth GPS: (52.341000, 4.792300)
Predicted GPS: (47.121753, 7.643695)
Ground Truth GPS: (48.863000, 2.336600)
Predicted GPS: (43.529378, -6.584649)
Ground Truth GPS: (46.496000, 7.675900)
Predicted GPS: (-3.778506, 35.999301)
Ground Truth GPS: (-0.393000, -90.280000)
Predicted GPS: (50.092089, 14.387427)
Ground Truth GPS: (45.433000, 12.339000)
Predicted GPS: (42.810585, -10.005815)
Ground Truth GPS: (36.859000, -75.970000)
Predicted GPS: (1.229458, -77.263383)
Ground Truth GPS: (41.901000, 12.481000)
Predicted GPS: (41.074660, 28.825923)
Ground Truth GPS: (41.100000, 28.999000)
Predicted GPS: (47.939933, 1.894647)
Ground Truth GPS: (44.923000, -93.110000)
Predicted GPS: (28.513071, -16.175425)
Ground Truth GPS: (16.998000, -61.750000)
Predicted GPS: (59.690384, 17.912059)
Ground Truth GPS: (60.375000, 21.391000)
Predicted GPS: (27.173243, 78.025328)
Ground Truth GPS: (31.588000, 74.311000)
Predicted GPS: (14.512048, 102.947399)
Ground Truth GPS: (41.385000, 2.169200)
Predicted GPS: (41.682180, 27.338079)
Ground Truth GPS: (-3.169000, 35.528000)
Predicted GPS: (35.686439, 139.777322)
Ground Truth GPS: (52.504000, 13.362000)
Predicted GPS: (37.177192, -3.591635)
Ground Truth GPS: (41.890000, 12.491000)
Predicted GPS: (36.749487, 139.616859)
Ground Truth GPS: (34.272000, 108.890000)
Predicted GPS: (42.329782, 59.080370)
Ground Truth GPS: (38.689000, -109.500000)
Predicted GPS: (15.877427, 108.329185)
Ground Truth GPS: (17.129000, -89.060000)
Predicted GPS: (43.017960, 3.056938)
Ground Truth GPS: (46.204000, 6.149800)
Predicted GPS: (40.782899, -73.970907)
Ground Truth GPS: (44.881000, 15.616000)
Predicted GPS: (35.305458, 139.546966)
Ground Truth GPS: (35.339000, 139.520000)
Predicted GPS: (34.131805, -117.972175)
Ground Truth GPS: (-37.820000, 144.970000)
Predicted GPS: (23.577017, 121.255860)
Ground Truth GPS: (39.450000, -106.400000)
Predicted GPS: (40.749797, 14.488320)
Ground Truth GPS: (40.747000, 14.484000)
Predicted GPS: (40.079449, -106.286410)
Ground Truth GPS: (32.242000, -111.100000)
Predicted GPS: (45.492372, -73.451095)
Ground Truth GPS: (13.372000, 103.850000)
Predicted GPS: (45.640076, -89.629841)
Ground Truth GPS: (43.348000, 11.510000)
Predicted GPS: (-49.271612, -72.977618)
Ground Truth GPS: (-47.030000, -67.250000)
Predicted GPS: (23.785816, -103.780632)
Ground Truth GPS: (15.878000, 108.330000)
Predicted GPS: (54.541162, -3.260103)
Ground Truth GPS: (53.121000, -3.999000)
Predicted GPS: (51.698233, -4.830422)
Ground Truth GPS: (51.644000, -2.677000)
Predicted GPS: (50.926842, 33.791193)
Ground Truth GPS: (43.065000, 17.712000)
Predicted GPS: (45.948143, 4.252157)
Ground Truth GPS: (18.469000, -66.110000)
Predicted GPS: (37.072708, 22.077025)
Ground Truth GPS: (28.362000, 121.060000)
Predicted GPS: (54.382655, 18.599552)
Ground Truth GPS: (52.525000, 13.366000)
Predicted GPS: (47.595197, -122.331993)
Ground Truth GPS: (42.346000, -71.090000)
Predicted GPS: (38.677989, -121.226148)
Ground Truth GPS: (33.747000, -84.370000)
Predicted GPS: (-41.199886, 172.725270)
Ground Truth GPS: (49.341000, -123.000000)
Predicted GPS: (45.471686, 9.183882)
Ground Truth GPS: (17.361000, 78.474000)
Predicted GPS: (60.733605, -148.720805)
Ground Truth GPS: (63.794000, -17.720000)
Predicted GPS: (45.465667, 9.186576)
Ground Truth GPS: (34.967000, 137.160000)
Predicted GPS: (21.364691, -157.793757)
Ground Truth GPS: (20.881000, -156.500000)
Predicted GPS: (39.913950, 116.368556)
Ground Truth GPS: (39.941000, 116.380000)
Predicted GPS: (51.509938, -0.098576)
Ground Truth GPS: (51.508000, -0.094000)
Predicted GPS: (35.657010, 133.840613)
Ground Truth GPS: (37.583000, 126.990000)
Predicted GPS: (36.739530, -5.242609)
Ground Truth GPS: (46.167000, 7.099600)
Predicted GPS: (38.551962, -78.314614)
Ground Truth GPS: (34.841000, -92.480000)
Predicted GPS: (nan, nan)
Ground Truth GPS: (33.441000, -118.400000)
Predicted GPS: (4.216312, 73.482058)
Ground Truth GPS: (9.376200, 99.940000)
Predicted GPS: (52.877758, -1.712249)
Ground Truth GPS: (-19.110000, 23.827000)
Predicted GPS: (51.692749, -0.002703)
Ground Truth GPS: (-16.660000, 145.560000)
Predicted GPS: (41.906396, 12.475501)
Ground Truth GPS: (41.071000, 28.948000)
Predicted GPS: (36.757257, 139.582671)
Ground Truth GPS: (36.753000, 139.600000)
Predicted GPS: (52.092094, 1.560310)
Ground Truth GPS: (78.052000, 14.238000)
Predicted GPS: (35.262701, 4.203224)
Ground Truth GPS: (42.362000, -71.080000)
Predicted GPS: (36.123703, -97.224627)
Ground Truth GPS: (55.485000, 28.791000)
Predicted GPS: (32.061368, 34.764138)
Ground Truth GPS: (42.640000, 18.110000)
Predicted GPS: (37.638787, -112.146908)
Ground Truth GPS: (36.057000, -112.100000)
Predicted GPS: (nan, nan)
Ground Truth GPS: (62.147000, 6.059200)
Predicted GPS: (-43.245435, 173.147382)
Ground Truth GPS: (36.746000, -81.530000)
Predicted GPS: (-7.959005, -14.415866)
Ground Truth GPS: (-20.450000, -66.910000)
Predicted GPS: (15.357361, 44.207613)
Ground Truth GPS: (-22.990000, -43.230000)
Predicted GPS: (64.009999, -21.231115)
Ground Truth GPS: (48.973000, 89.959000)
Predicted GPS: (37.491421, -111.594005)
Ground Truth GPS: (37.971000, 23.726000)
Predicted GPS: (nan, nan)
Ground Truth GPS: (29.536000, 21.033000)
Predicted GPS: (nan, nan)
Ground Truth GPS: (36.300000, 74.649000)
Predicted GPS: (34.614987, -111.837550)
Ground Truth GPS: (34.611000, -111.800000)
Predicted GPS: (29.976673, 31.130850)
Ground Truth GPS: (40.094000, 49.387000)
Predicted GPS: (37.762031, -122.435402)
Ground Truth GPS: (33.988000, -118.400000)
Predicted GPS: (47.523955, 8.207897)
Ground Truth GPS: (47.550000, 25.843000)
Predicted GPS: (41.888053, -87.620767)
Ground Truth GPS: (51.510000, -0.085000)
Predicted GPS: (44.748177, -93.536362)
Ground Truth GPS: (34.051000, -84.280000)
Predicted GPS: (38.410629, -78.051628)
Ground Truth GPS: (38.898000, -77.020000)
Predicted GPS: (45.560392, -122.439680)
Ground Truth GPS: (25.114000, -77.120000)
Predicted GPS: (44.326976, -131.171454)
Ground Truth GPS: (22.286000, 114.150000)
Predicted GPS: (34.102972, -118.287149)
Ground Truth GPS: (12.925000, 100.890000)
Predicted GPS: (nan, nan)
Ground Truth GPS: (55.684000, 12.589000)
Predicted GPS: (36.057887, -111.995858)
Ground Truth GPS: (36.065000, -112.100000)
